// Jest Snapshot v1, https://goo.gl/fbAQLP

exports[`should render Empty correctly 1`] = `
<tr>
  <td
    colSpan="5"
  >
    No todos found ...
  </td>
</tr>
`;
