// Jest Snapshot v1, https://goo.gl/fbAQLP

exports[`should render Homepage correctly 1`] = `<Loader />`;
