// Jest Snapshot v1, https://goo.gl/fbAQLP

exports[`TodoTable should render TodoTable correctly 1`] = `ShallowWrapper {}`;

exports[`TodoTable snapshot renders 1`] = `
Array [
  <h1
    className="page-title"
  />,
  <table
    className="table"
  >
    <thead>
      <tr>
        <th>
          #
        </th>
        <th>
          User
        </th>
        <th>
          Description
        </th>
        <th />
      </tr>
    </thead>
  </table>,
]
`;
